// Vitest Snapshot v1, https://vitest.dev/guide/snapshot.html

exports[`Consoles > should render consoles 1`] = `
{
  "asFragment": [Function],
  "baseElement": <body>
    <div>
      <div
        class="flex flex-col w-full justify-around h-screen relative "
      >
        <div
          class="w-full flex flex-col items-center"
        >
          <h1
            class="text-4xl font-bold"
          >
            LATEST CONSOLES
          </h1>
          <p
            class="text-lg"
          >
            Please select a Console
          </p>
        </div>
        <div
          class="swiper swiper-initialized swiper-horizontal static w-full flex justify-around px-9"
        >
          <div
            class="swiper-wrapper"
            style="transition-duration: 0ms; transition-delay: 0ms; transform: translate3d(NaNpx, 0px, 0px);"
          />
          <button
            class="absolute top-1/2 left-0 transform -translate-y-1/2 z-10 bg-gray-200 text-white flex justify-end items-center md:w-12 lg:w-20 py-3 pr-4 rounded-r-full hover:bg-lime-400"
          >
            <span
              class="transform rotate-180"
            >
              <svg
                class="w-6 h-6"
                fill="none"
                stroke="currentColor"
                stroke-width="1.5"
                viewBox="0 0 24 24"
                xmlns="http://www.w3.org/2000/svg"
              >
                <path
                  d="M5.25 5.653c0-.856.917-1.398 1.667-.986l11.54 6.348a1.125 1.125 0 010 1.971l-11.54 6.347a1.125 1.125 0 01-1.667-.985V5.653z"
                  stroke-linecap="round"
                  stroke-linejoin="round"
                />
              </svg>
            </span>
          </button>
          <button
            class="absolute top-1/2 right-0 transform -translate-y-1/2 z-10 bg-gray-200 text-white flex justify-start items-center md:w-12 lg:w-20 py-3 pl-4 rounded-l-full hover:bg-lime-400"
          >
            <span>
              <svg
                class="w-4 h-6"
                fill="none"
                stroke="currentColor"
                stroke-width="1.5"
                viewBox="0 0 24 24"
                xmlns="http://www.w3.org/2000/svg"
              >
                <path
                  d="M5.25 5.653c0-.856.917-1.398 1.667-.986l11.54 6.348a1.125 1.125 0 010 1.971l-11.54 6.347a1.125 1.125 0 01-1.667-.985V5.653z"
                  stroke-linecap="round"
                  stroke-linejoin="round"
                />
              </svg>
            </span>
          </button>
        </div>
      </div>
    </div>
  </body>,
  "container": <div>
    <div
      class="flex flex-col w-full justify-around h-screen relative "
    >
      <div
        class="w-full flex flex-col items-center"
      >
        <h1
          class="text-4xl font-bold"
        >
          LATEST CONSOLES
        </h1>
        <p
          class="text-lg"
        >
          Please select a Console
        </p>
      </div>
      <div
        class="swiper swiper-initialized swiper-horizontal static w-full flex justify-around px-9"
      >
        <div
          class="swiper-wrapper"
          style="transition-duration: 0ms; transition-delay: 0ms; transform: translate3d(NaNpx, 0px, 0px);"
        />
        <button
          class="absolute top-1/2 left-0 transform -translate-y-1/2 z-10 bg-gray-200 text-white flex justify-end items-center md:w-12 lg:w-20 py-3 pr-4 rounded-r-full hover:bg-lime-400"
        >
          <span
            class="transform rotate-180"
          >
            <svg
              class="w-6 h-6"
              fill="none"
              stroke="currentColor"
              stroke-width="1.5"
              viewBox="0 0 24 24"
              xmlns="http://www.w3.org/2000/svg"
            >
              <path
                d="M5.25 5.653c0-.856.917-1.398 1.667-.986l11.54 6.348a1.125 1.125 0 010 1.971l-11.54 6.347a1.125 1.125 0 01-1.667-.985V5.653z"
                stroke-linecap="round"
                stroke-linejoin="round"
              />
            </svg>
          </span>
        </button>
        <button
          class="absolute top-1/2 right-0 transform -translate-y-1/2 z-10 bg-gray-200 text-white flex justify-start items-center md:w-12 lg:w-20 py-3 pl-4 rounded-l-full hover:bg-lime-400"
        >
          <span>
            <svg
              class="w-4 h-6"
              fill="none"
              stroke="currentColor"
              stroke-width="1.5"
              viewBox="0 0 24 24"
              xmlns="http://www.w3.org/2000/svg"
            >
              <path
                d="M5.25 5.653c0-.856.917-1.398 1.667-.986l11.54 6.348a1.125 1.125 0 010 1.971l-11.54 6.347a1.125 1.125 0 01-1.667-.985V5.653z"
                stroke-linecap="round"
                stroke-linejoin="round"
              />
            </svg>
          </span>
        </button>
      </div>
    </div>
  </div>,
  "debug": [Function],
  "findAllByAltText": [Function],
  "findAllByDisplayValue": [Function],
  "findAllByLabelText": [Function],
  "findAllByPlaceholderText": [Function],
  "findAllByRole": [Function],
  "findAllByTestId": [Function],
  "findAllByText": [Function],
  "findAllByTitle": [Function],
  "findByAltText": [Function],
  "findByDisplayValue": [Function],
  "findByLabelText": [Function],
  "findByPlaceholderText": [Function],
  "findByRole": [Function],
  "findByTestId": [Function],
  "findByText": [Function],
  "findByTitle": [Function],
  "getAllByAltText": [Function],
  "getAllByDisplayValue": [Function],
  "getAllByLabelText": [Function],
  "getAllByPlaceholderText": [Function],
  "getAllByRole": [Function],
  "getAllByTestId": [Function],
  "getAllByText": [Function],
  "getAllByTitle": [Function],
  "getByAltText": [Function],
  "getByDisplayValue": [Function],
  "getByLabelText": [Function],
  "getByPlaceholderText": [Function],
  "getByRole": [Function],
  "getByTestId": [Function],
  "getByText": [Function],
  "getByTitle": [Function],
  "queryAllByAltText": [Function],
  "queryAllByDisplayValue": [Function],
  "queryAllByLabelText": [Function],
  "queryAllByPlaceholderText": [Function],
  "queryAllByRole": [Function],
  "queryAllByTestId": [Function],
  "queryAllByText": [Function],
  "queryAllByTitle": [Function],
  "queryByAltText": [Function],
  "queryByDisplayValue": [Function],
  "queryByLabelText": [Function],
  "queryByPlaceholderText": [Function],
  "queryByRole": [Function],
  "queryByTestId": [Function],
  "queryByText": [Function],
  "queryByTitle": [Function],
  "rerender": [Function],
  "unmount": [Function],
}
`;
