// Vitest Snapshot v1, https://vitest.dev/guide/snapshot.html

exports[`Consoles > should render consoles table 1`] = `
{
  "asFragment": [Function],
  "baseElement": <body>
    <div>
      <div>
        <div
          class="flex flex-col w-full items-center "
        >
          <h1
            class="tracking-widest font-bold p-4"
          >
            DELETE CONSOLE
          </h1>
          <table
            class="w-full max-w-lg"
          >
            <thead
              class="w-full m-auto"
            >
              <tr
                class="bg-gray-200"
              >
                <th
                  class="py-2 border-r border-gray-500"
                >
                  Console
                </th>
                <th
                  class="py-2"
                >
                  Action
                </th>
              </tr>
            </thead>
            <tbody />
          </table>
        </div>
      </div>
    </div>
  </body>,
  "container": <div>
    <div>
      <div
        class="flex flex-col w-full items-center "
      >
        <h1
          class="tracking-widest font-bold p-4"
        >
          DELETE CONSOLE
        </h1>
        <table
          class="w-full max-w-lg"
        >
          <thead
            class="w-full m-auto"
          >
            <tr
              class="bg-gray-200"
            >
              <th
                class="py-2 border-r border-gray-500"
              >
                Console
              </th>
              <th
                class="py-2"
              >
                Action
              </th>
            </tr>
          </thead>
          <tbody />
        </table>
      </div>
    </div>
  </div>,
  "debug": [Function],
  "findAllByAltText": [Function],
  "findAllByDisplayValue": [Function],
  "findAllByLabelText": [Function],
  "findAllByPlaceholderText": [Function],
  "findAllByRole": [Function],
  "findAllByTestId": [Function],
  "findAllByText": [Function],
  "findAllByTitle": [Function],
  "findByAltText": [Function],
  "findByDisplayValue": [Function],
  "findByLabelText": [Function],
  "findByPlaceholderText": [Function],
  "findByRole": [Function],
  "findByTestId": [Function],
  "findByText": [Function],
  "findByTitle": [Function],
  "getAllByAltText": [Function],
  "getAllByDisplayValue": [Function],
  "getAllByLabelText": [Function],
  "getAllByPlaceholderText": [Function],
  "getAllByRole": [Function],
  "getAllByTestId": [Function],
  "getAllByText": [Function],
  "getAllByTitle": [Function],
  "getByAltText": [Function],
  "getByDisplayValue": [Function],
  "getByLabelText": [Function],
  "getByPlaceholderText": [Function],
  "getByRole": [Function],
  "getByTestId": [Function],
  "getByText": [Function],
  "getByTitle": [Function],
  "queryAllByAltText": [Function],
  "queryAllByDisplayValue": [Function],
  "queryAllByLabelText": [Function],
  "queryAllByPlaceholderText": [Function],
  "queryAllByRole": [Function],
  "queryAllByTestId": [Function],
  "queryAllByText": [Function],
  "queryAllByTitle": [Function],
  "queryByAltText": [Function],
  "queryByDisplayValue": [Function],
  "queryByLabelText": [Function],
  "queryByPlaceholderText": [Function],
  "queryByRole": [Function],
  "queryByTestId": [Function],
  "queryByText": [Function],
  "queryByTitle": [Function],
  "rerender": [Function],
  "unmount": [Function],
}
`;

exports[`Reservations > should render consoles 1`] = `
{
  "asFragment": [Function],
  "baseElement": <body>
    <div>
      <div>
        <div
          class="flex flex-col w-full items-center "
        >
          <h1
            class="tracking-widest font-bold p-4"
          >
            DELETE CONSOLE
          </h1>
          <table
            class="w-full max-w-lg"
          >
            <thead
              class="w-full m-auto"
            >
              <tr
                class="bg-gray-200"
              >
                <th
                  class="py-2 border-r border-gray-500"
                >
                  Console
                </th>
                <th
                  class="py-2"
                >
                  Action
                </th>
              </tr>
            </thead>
            <tbody />
          </table>
        </div>
      </div>
    </div>
  </body>,
  "container": <div>
    <div>
      <div
        class="flex flex-col w-full items-center "
      >
        <h1
          class="tracking-widest font-bold p-4"
        >
          DELETE CONSOLE
        </h1>
        <table
          class="w-full max-w-lg"
        >
          <thead
            class="w-full m-auto"
          >
            <tr
              class="bg-gray-200"
            >
              <th
                class="py-2 border-r border-gray-500"
              >
                Console
              </th>
              <th
                class="py-2"
              >
                Action
              </th>
            </tr>
          </thead>
          <tbody />
        </table>
      </div>
    </div>
  </div>,
  "debug": [Function],
  "findAllByAltText": [Function],
  "findAllByDisplayValue": [Function],
  "findAllByLabelText": [Function],
  "findAllByPlaceholderText": [Function],
  "findAllByRole": [Function],
  "findAllByTestId": [Function],
  "findAllByText": [Function],
  "findAllByTitle": [Function],
  "findByAltText": [Function],
  "findByDisplayValue": [Function],
  "findByLabelText": [Function],
  "findByPlaceholderText": [Function],
  "findByRole": [Function],
  "findByTestId": [Function],
  "findByText": [Function],
  "findByTitle": [Function],
  "getAllByAltText": [Function],
  "getAllByDisplayValue": [Function],
  "getAllByLabelText": [Function],
  "getAllByPlaceholderText": [Function],
  "getAllByRole": [Function],
  "getAllByTestId": [Function],
  "getAllByText": [Function],
  "getAllByTitle": [Function],
  "getByAltText": [Function],
  "getByDisplayValue": [Function],
  "getByLabelText": [Function],
  "getByPlaceholderText": [Function],
  "getByRole": [Function],
  "getByTestId": [Function],
  "getByText": [Function],
  "getByTitle": [Function],
  "queryAllByAltText": [Function],
  "queryAllByDisplayValue": [Function],
  "queryAllByLabelText": [Function],
  "queryAllByPlaceholderText": [Function],
  "queryAllByRole": [Function],
  "queryAllByTestId": [Function],
  "queryAllByText": [Function],
  "queryAllByTitle": [Function],
  "queryByAltText": [Function],
  "queryByDisplayValue": [Function],
  "queryByLabelText": [Function],
  "queryByPlaceholderText": [Function],
  "queryByRole": [Function],
  "queryByTestId": [Function],
  "queryByText": [Function],
  "queryByTitle": [Function],
  "rerender": [Function],
  "unmount": [Function],
}
`;

exports[`Reservations > should render consoles table 1`] = `
{
  "asFragment": [Function],
  "baseElement": <body>
    <div>
      <div>
        <div
          class="flex flex-col w-full items-center "
        >
          <h1
            class="tracking-widest font-bold p-4"
          >
            DELETE CONSOLE
          </h1>
          <table
            class="w-full max-w-lg"
          >
            <thead
              class="w-full m-auto"
            >
              <tr
                class="bg-gray-200"
              >
                <th
                  class="py-2 border-r border-gray-500"
                >
                  Console
                </th>
                <th
                  class="py-2"
                >
                  Action
                </th>
              </tr>
            </thead>
            <tbody />
          </table>
        </div>
      </div>
    </div>
  </body>,
  "container": <div>
    <div>
      <div
        class="flex flex-col w-full items-center "
      >
        <h1
          class="tracking-widest font-bold p-4"
        >
          DELETE CONSOLE
        </h1>
        <table
          class="w-full max-w-lg"
        >
          <thead
            class="w-full m-auto"
          >
            <tr
              class="bg-gray-200"
            >
              <th
                class="py-2 border-r border-gray-500"
              >
                Console
              </th>
              <th
                class="py-2"
              >
                Action
              </th>
            </tr>
          </thead>
          <tbody />
        </table>
      </div>
    </div>
  </div>,
  "debug": [Function],
  "findAllByAltText": [Function],
  "findAllByDisplayValue": [Function],
  "findAllByLabelText": [Function],
  "findAllByPlaceholderText": [Function],
  "findAllByRole": [Function],
  "findAllByTestId": [Function],
  "findAllByText": [Function],
  "findAllByTitle": [Function],
  "findByAltText": [Function],
  "findByDisplayValue": [Function],
  "findByLabelText": [Function],
  "findByPlaceholderText": [Function],
  "findByRole": [Function],
  "findByTestId": [Function],
  "findByText": [Function],
  "findByTitle": [Function],
  "getAllByAltText": [Function],
  "getAllByDisplayValue": [Function],
  "getAllByLabelText": [Function],
  "getAllByPlaceholderText": [Function],
  "getAllByRole": [Function],
  "getAllByTestId": [Function],
  "getAllByText": [Function],
  "getAllByTitle": [Function],
  "getByAltText": [Function],
  "getByDisplayValue": [Function],
  "getByLabelText": [Function],
  "getByPlaceholderText": [Function],
  "getByRole": [Function],
  "getByTestId": [Function],
  "getByText": [Function],
  "getByTitle": [Function],
  "queryAllByAltText": [Function],
  "queryAllByDisplayValue": [Function],
  "queryAllByLabelText": [Function],
  "queryAllByPlaceholderText": [Function],
  "queryAllByRole": [Function],
  "queryAllByTestId": [Function],
  "queryAllByText": [Function],
  "queryAllByTitle": [Function],
  "queryByAltText": [Function],
  "queryByDisplayValue": [Function],
  "queryByLabelText": [Function],
  "queryByPlaceholderText": [Function],
  "queryByRole": [Function],
  "queryByTestId": [Function],
  "queryByText": [Function],
  "queryByTitle": [Function],
  "rerender": [Function],
  "unmount": [Function],
}
`;

exports[`Reservations > should render reservations 1`] = `
{
  "asFragment": [Function],
  "baseElement": <body>
    <div>
      <div>
        <div
          class="flex flex-col w-full items-center "
        >
          <h1
            class="tracking-widest font-bold p-4"
          >
            DELETE CONSOLE
          </h1>
          <table
            class="w-full max-w-lg"
          >
            <thead
              class="w-full m-auto"
            >
              <tr
                class="bg-gray-200"
              >
                <th
                  class="py-2 border-r border-gray-500"
                >
                  Console
                </th>
                <th
                  class="py-2"
                >
                  Action
                </th>
              </tr>
            </thead>
            <tbody />
          </table>
        </div>
      </div>
    </div>
  </body>,
  "container": <div>
    <div>
      <div
        class="flex flex-col w-full items-center "
      >
        <h1
          class="tracking-widest font-bold p-4"
        >
          DELETE CONSOLE
        </h1>
        <table
          class="w-full max-w-lg"
        >
          <thead
            class="w-full m-auto"
          >
            <tr
              class="bg-gray-200"
            >
              <th
                class="py-2 border-r border-gray-500"
              >
                Console
              </th>
              <th
                class="py-2"
              >
                Action
              </th>
            </tr>
          </thead>
          <tbody />
        </table>
      </div>
    </div>
  </div>,
  "debug": [Function],
  "findAllByAltText": [Function],
  "findAllByDisplayValue": [Function],
  "findAllByLabelText": [Function],
  "findAllByPlaceholderText": [Function],
  "findAllByRole": [Function],
  "findAllByTestId": [Function],
  "findAllByText": [Function],
  "findAllByTitle": [Function],
  "findByAltText": [Function],
  "findByDisplayValue": [Function],
  "findByLabelText": [Function],
  "findByPlaceholderText": [Function],
  "findByRole": [Function],
  "findByTestId": [Function],
  "findByText": [Function],
  "findByTitle": [Function],
  "getAllByAltText": [Function],
  "getAllByDisplayValue": [Function],
  "getAllByLabelText": [Function],
  "getAllByPlaceholderText": [Function],
  "getAllByRole": [Function],
  "getAllByTestId": [Function],
  "getAllByText": [Function],
  "getAllByTitle": [Function],
  "getByAltText": [Function],
  "getByDisplayValue": [Function],
  "getByLabelText": [Function],
  "getByPlaceholderText": [Function],
  "getByRole": [Function],
  "getByTestId": [Function],
  "getByText": [Function],
  "getByTitle": [Function],
  "queryAllByAltText": [Function],
  "queryAllByDisplayValue": [Function],
  "queryAllByLabelText": [Function],
  "queryAllByPlaceholderText": [Function],
  "queryAllByRole": [Function],
  "queryAllByTestId": [Function],
  "queryAllByText": [Function],
  "queryAllByTitle": [Function],
  "queryByAltText": [Function],
  "queryByDisplayValue": [Function],
  "queryByLabelText": [Function],
  "queryByPlaceholderText": [Function],
  "queryByRole": [Function],
  "queryByTestId": [Function],
  "queryByText": [Function],
  "queryByTitle": [Function],
  "rerender": [Function],
  "unmount": [Function],
}
`;
